// Jest Snapshot v1, https://goo.gl/fbAQLP

exports[`initEvents should handle many functions and map each one to an event handler 1`] = `
Array [
  Array [
    Array [
      Object {
        "content": "ping",
      },
    ],
    Array [
      Object {
        "callback": [MockFunction],
        "condition": [MockFunction],
      },
      Object {
        "callback": [MockFunction],
        "condition": [MockFunction],
        "event": "messageCreate",
      },
    ],
    Object {
      "client": Object {
        "on": [MockFunction] {
          "calls": Array [
            Array [
              "messageCreate",
              [Function],
            ],
            Array [
              "channelCreate",
              [Function],
            ],
            Array [
              "messageDelete",
              [Function],
            ],
          ],
          "results": Array [
            Object {
              "type": "return",
              "value": undefined,
            },
            Object {
              "type": "return",
              "value": undefined,
            },
            Object {
              "type": "return",
              "value": undefined,
            },
          ],
        },
      },
      "functions": Array [],
    },
  ],
  Array [
    Array [
      Object {
        "content": "ping",
      },
    ],
    Array [
      Object {
        "callback": [MockFunction],
        "condition": [MockFunction],
        "event": "channelCreate",
      },
      Object {
        "callback": [MockFunction],
        "condition": [MockFunction],
        "event": "channelCreate",
      },
    ],
    Object {
      "client": Object {
        "on": [MockFunction] {
          "calls": Array [
            Array [
              "messageCreate",
              [Function],
            ],
            Array [
              "channelCreate",
              [Function],
            ],
            Array [
              "messageDelete",
              [Function],
            ],
          ],
          "results": Array [
            Object {
              "type": "return",
              "value": undefined,
            },
            Object {
              "type": "return",
              "value": undefined,
            },
            Object {
              "type": "return",
              "value": undefined,
            },
          ],
        },
      },
      "functions": Array [],
    },
  ],
  Array [
    Array [
      Object {
        "content": "ping",
      },
    ],
    Array [
      Object {
        "callback": [MockFunction],
        "condition": [MockFunction],
        "event": "messageDelete",
      },
    ],
    Object {
      "client": Object {
        "on": [MockFunction] {
          "calls": Array [
            Array [
              "messageCreate",
              [Function],
            ],
            Array [
              "channelCreate",
              [Function],
            ],
            Array [
              "messageDelete",
              [Function],
            ],
          ],
          "results": Array [
            Object {
              "type": "return",
              "value": undefined,
            },
            Object {
              "type": "return",
              "value": undefined,
            },
            Object {
              "type": "return",
              "value": undefined,
            },
          ],
        },
      },
      "functions": Array [],
    },
  ],
]
`;
